// Jest Snapshot v1, https://goo.gl/fbAQLP

exports[`Test EditGenre page should render correctly 1`] = `
<DocumentFragment>
  <div
    class="MuiBox-root css-0"
  >
    <div
      class="MuiPaper-root MuiPaper-elevation MuiPaper-rounded MuiPaper-elevation1 css-1gtchvp-MuiPaper-root"
      style="--Paper-shadow: 0px 2px 1px -1px rgba(0,0,0,0.2),0px 1px 1px 0px rgba(0,0,0,0.14),0px 1px 3px 0px rgba(0,0,0,0.12);"
    >
      <div
        class="MuiBox-root css-19midj6"
      >
        <div
          class="MuiBox-root css-1qm1lh"
        >
          <h4
            class="MuiTypography-root MuiTypography-h4 css-f84ov1-MuiTypography-root"
          >
            Edit Genre
          </h4>
        </div>
        <div
          class="MuiBox-root css-0"
        >
          <div
            class="MuiBox-root css-19midj6"
          >
            <form>
              <div
                class="MuiGrid-root MuiGrid-container MuiGrid-direction-xs-row MuiGrid-spacing-xs-3 css-1u8xl8z-MuiGrid-root"
              >
                <div
                  class="MuiGrid-root MuiGrid-direction-xs-row MuiGrid-grid-xs-12 css-yqiqnf-MuiGrid-root"
                >
                  <div
                    class="MuiFormControl-root MuiFormControl-fullWidth css-ytlejw-MuiFormControl-root"
                  >
                    <div
                      class="MuiFormControl-root MuiTextField-root css-1xp5r68-MuiFormControl-root-MuiTextField-root"
                    >
                      <label
                        class="MuiFormLabel-root MuiInputLabel-root MuiInputLabel-formControl MuiInputLabel-animated MuiInputLabel-shrink MuiInputLabel-outlined MuiFormLabel-colorPrimary MuiFormLabel-filled Mui-required MuiInputLabel-root MuiInputLabel-formControl MuiInputLabel-animated MuiInputLabel-shrink MuiInputLabel-outlined css-113d811-MuiFormLabel-root-MuiInputLabel-root"
                        data-shrink="true"
                        for="«r0»"
                        id="«r0»-label"
                      >
                        Name
                        <span
                          aria-hidden="true"
                          class="MuiFormLabel-asterisk MuiInputLabel-asterisk css-1ljffdk-MuiFormLabel-asterisk"
                        >
                           *
                        </span>
                      </label>
                      <div
                        class="MuiInputBase-root MuiOutlinedInput-root MuiInputBase-colorPrimary MuiInputBase-formControl css-quhxjy-MuiInputBase-root-MuiOutlinedInput-root"
                      >
                        <input
                          aria-invalid="false"
                          class="MuiInputBase-input MuiOutlinedInput-input css-16wblaj-MuiInputBase-input-MuiOutlinedInput-input"
                          data-testid="name-input"
                          id="«r0»"
                          name="name"
                          required=""
                          type="text"
                          value="Saint Lucia"
                        />
                        <fieldset
                          aria-hidden="true"
                          class="MuiOutlinedInput-notchedOutline css-1ll44ll-MuiOutlinedInput-notchedOutline"
                        >
                          <legend
                            class="css-w1u3ce"
                          >
                            <span>
                              Name *
                            </span>
                          </legend>
                        </fieldset>
                      </div>
                    </div>
                  </div>
                </div>
                <div
                  class="MuiGrid-root MuiGrid-direction-xs-row MuiGrid-grid-xs-12 css-yqiqnf-MuiGrid-root"
                >
                  <div
                    class="MuiAutocomplete-root MuiAutocomplete-hasClearIcon MuiAutocomplete-hasPopupIcon css-o5oj2-MuiAutocomplete-root"
                    data-testid="categories-search"
                  >
                    <div
                      class="MuiFormControl-root MuiFormControl-fullWidth MuiTextField-root css-cmpglg-MuiFormControl-root-MuiTextField-root"
                      data-testid="categories-input"
                    >
                      <label
                        class="MuiFormLabel-root MuiInputLabel-root MuiInputLabel-formControl MuiInputLabel-animated MuiInputLabel-shrink MuiInputLabel-outlined MuiFormLabel-colorPrimary MuiInputLabel-root MuiInputLabel-formControl MuiInputLabel-animated MuiInputLabel-shrink MuiInputLabel-outlined css-113d811-MuiFormLabel-root-MuiInputLabel-root"
                        data-shrink="true"
                        for="«r1»"
                        id="«r1»-label"
                      >
                        Categories
                      </label>
                      <div
                        class="MuiInputBase-root MuiOutlinedInput-root MuiInputBase-colorPrimary MuiInputBase-fullWidth MuiInputBase-formControl MuiInputBase-adornedStart MuiInputBase-adornedEnd MuiAutocomplete-inputRoot css-1e3qgpi-MuiInputBase-root-MuiOutlinedInput-root"
                      >
                        <div
                          class="MuiButtonBase-root MuiChip-root MuiChip-filled MuiChip-sizeMedium MuiChip-colorDefault MuiChip-deletable MuiChip-deletableColorDefault MuiChip-filledDefault MuiAutocomplete-tag MuiAutocomplete-tagSizeMedium css-16yb58i-MuiButtonBase-root-MuiChip-root"
                          data-tag-index="0"
                          role="button"
                          tabindex="-1"
                        >
                          <span
                            class="MuiChip-label MuiChip-labelMedium css-1dybbl5-MuiChip-label"
                          >
                            SeaGreen
                          </span>
                          <svg
                            aria-hidden="true"
                            class="MuiSvgIcon-root MuiSvgIcon-fontSizeMedium MuiChip-deleteIcon MuiChip-deleteIconMedium MuiChip-deleteIconColorDefault MuiChip-deleteIconFilledColorDefault css-1umw9bq-MuiSvgIcon-root"
                            data-testid="CancelIcon"
                            focusable="false"
                            viewBox="0 0 24 24"
                          >
                            <path
                              d="M12 2C6.47 2 2 6.47 2 12s4.47 10 10 10 10-4.47 10-10S17.53 2 12 2zm5 13.59L15.59 17 12 13.41 8.41 17 7 15.59 10.59 12 7 8.41 8.41 7 12 10.59 15.59 7 17 8.41 13.41 12 17 15.59z"
                            />
                          </svg>
                        </div>
                        <div
                          class="MuiButtonBase-root MuiChip-root MuiChip-filled MuiChip-sizeMedium MuiChip-colorDefault MuiChip-deletable MuiChip-deletableColorDefault MuiChip-filledDefault MuiAutocomplete-tag MuiAutocomplete-tagSizeMedium css-16yb58i-MuiButtonBase-root-MuiChip-root"
                          data-tag-index="1"
                          role="button"
                          tabindex="-1"
                        >
                          <span
                            class="MuiChip-label MuiChip-labelMedium css-1dybbl5-MuiChip-label"
                          >
                            PeachPuff
                          </span>
                          <svg
                            aria-hidden="true"
                            class="MuiSvgIcon-root MuiSvgIcon-fontSizeMedium MuiChip-deleteIcon MuiChip-deleteIconMedium MuiChip-deleteIconColorDefault MuiChip-deleteIconFilledColorDefault css-1umw9bq-MuiSvgIcon-root"
                            data-testid="CancelIcon"
                            focusable="false"
                            viewBox="0 0 24 24"
                          >
                            <path
                              d="M12 2C6.47 2 2 6.47 2 12s4.47 10 10 10 10-4.47 10-10S17.53 2 12 2zm5 13.59L15.59 17 12 13.41 8.41 17 7 15.59 10.59 12 7 8.41 8.41 7 12 10.59 15.59 7 17 8.41 13.41 12 17 15.59z"
                            />
                          </svg>
                        </div>
                        <div
                          class="MuiButtonBase-root MuiChip-root MuiChip-filled MuiChip-sizeMedium MuiChip-colorDefault MuiChip-deletable MuiChip-deletableColorDefault MuiChip-filledDefault MuiAutocomplete-tag MuiAutocomplete-tagSizeMedium css-16yb58i-MuiButtonBase-root-MuiChip-root"
                          data-tag-index="2"
                          role="button"
                          tabindex="-1"
                        >
                          <span
                            class="MuiChip-label MuiChip-labelMedium css-1dybbl5-MuiChip-label"
                          >
                            Gray
                          </span>
                          <svg
                            aria-hidden="true"
                            class="MuiSvgIcon-root MuiSvgIcon-fontSizeMedium MuiChip-deleteIcon MuiChip-deleteIconMedium MuiChip-deleteIconColorDefault MuiChip-deleteIconFilledColorDefault css-1umw9bq-MuiSvgIcon-root"
                            data-testid="CancelIcon"
                            focusable="false"
                            viewBox="0 0 24 24"
                          >
                            <path
                              d="M12 2C6.47 2 2 6.47 2 12s4.47 10 10 10 10-4.47 10-10S17.53 2 12 2zm5 13.59L15.59 17 12 13.41 8.41 17 7 15.59 10.59 12 7 8.41 8.41 7 12 10.59 15.59 7 17 8.41 13.41 12 17 15.59z"
                            />
                          </svg>
                        </div>
                        <div
                          class="MuiButtonBase-root MuiChip-root MuiChip-filled MuiChip-sizeMedium MuiChip-colorDefault MuiChip-deletable MuiChip-deletableColorDefault MuiChip-filledDefault MuiAutocomplete-tag MuiAutocomplete-tagSizeMedium css-16yb58i-MuiButtonBase-root-MuiChip-root"
                          data-tag-index="3"
                          role="button"
                          tabindex="-1"
                        >
                          <span
                            class="MuiChip-label MuiChip-labelMedium css-1dybbl5-MuiChip-label"
                          >
                            SkyBlue
                          </span>
                          <svg
                            aria-hidden="true"
                            class="MuiSvgIcon-root MuiSvgIcon-fontSizeMedium MuiChip-deleteIcon MuiChip-deleteIconMedium MuiChip-deleteIconColorDefault MuiChip-deleteIconFilledColorDefault css-1umw9bq-MuiSvgIcon-root"
                            data-testid="CancelIcon"
                            focusable="false"
                            viewBox="0 0 24 24"
                          >
                            <path
                              d="M12 2C6.47 2 2 6.47 2 12s4.47 10 10 10 10-4.47 10-10S17.53 2 12 2zm5 13.59L15.59 17 12 13.41 8.41 17 7 15.59 10.59 12 7 8.41 8.41 7 12 10.59 15.59 7 17 8.41 13.41 12 17 15.59z"
                            />
                          </svg>
                        </div>
                        <div
                          class="MuiButtonBase-root MuiChip-root MuiChip-filled MuiChip-sizeMedium MuiChip-colorDefault MuiChip-deletable MuiChip-deletableColorDefault MuiChip-filledDefault MuiAutocomplete-tag MuiAutocomplete-tagSizeMedium css-16yb58i-MuiButtonBase-root-MuiChip-root"
                          data-tag-index="4"
                          role="button"
                          tabindex="-1"
                        >
                          <span
                            class="MuiChip-label MuiChip-labelMedium css-1dybbl5-MuiChip-label"
                          >
                            SandyBrown
                          </span>
                          <svg
                            aria-hidden="true"
                            class="MuiSvgIcon-root MuiSvgIcon-fontSizeMedium MuiChip-deleteIcon MuiChip-deleteIconMedium MuiChip-deleteIconColorDefault MuiChip-deleteIconFilledColorDefault css-1umw9bq-MuiSvgIcon-root"
                            data-testid="CancelIcon"
                            focusable="false"
                            viewBox="0 0 24 24"
                          >
                            <path
                              d="M12 2C6.47 2 2 6.47 2 12s4.47 10 10 10 10-4.47 10-10S17.53 2 12 2zm5 13.59L15.59 17 12 13.41 8.41 17 7 15.59 10.59 12 7 8.41 8.41 7 12 10.59 15.59 7 17 8.41 13.41 12 17 15.59z"
                            />
                          </svg>
                        </div>
                        <input
                          aria-autocomplete="list"
                          aria-expanded="false"
                          aria-invalid="false"
                          autocapitalize="none"
                          autocomplete="off"
                          class="MuiInputBase-input MuiOutlinedInput-input MuiInputBase-inputAdornedStart MuiInputBase-inputAdornedEnd MuiAutocomplete-input MuiAutocomplete-inputFocused css-qve9l1-MuiInputBase-input-MuiOutlinedInput-input"
                          id="«r1»"
                          role="combobox"
                          spellcheck="false"
                          type="text"
                          value=""
                        />
                        <div
                          class="MuiAutocomplete-endAdornment css-1uhhrmm-MuiAutocomplete-endAdornment"
                        >
                          <button
                            aria-label="Clear"
                            class="MuiButtonBase-root MuiIconButton-root MuiIconButton-sizeMedium MuiAutocomplete-clearIndicator css-1x7n7v0-MuiButtonBase-root-MuiIconButton-root-MuiAutocomplete-clearIndicator"
                            tabindex="-1"
                            title="Clear"
                            type="button"
                          >
                            <svg
                              aria-hidden="true"
                              class="MuiSvgIcon-root MuiSvgIcon-fontSizeSmall css-120dh41-MuiSvgIcon-root"
                              data-testid="CloseIcon"
                              focusable="false"
                              viewBox="0 0 24 24"
                            >
                              <path
                                d="M19 6.41L17.59 5 12 10.59 6.41 5 5 6.41 10.59 12 5 17.59 6.41 19 12 13.41 17.59 19 19 17.59 13.41 12z"
                              />
                            </svg>
                          </button>
                          <button
                            aria-label="Open"
                            class="MuiButtonBase-root MuiIconButton-root MuiIconButton-sizeMedium MuiAutocomplete-popupIndicator css-2y136s-MuiButtonBase-root-MuiIconButton-root-MuiAutocomplete-popupIndicator"
                            tabindex="-1"
                            title="Open"
                            type="button"
                          >
                            <svg
                              aria-hidden="true"
                              class="MuiSvgIcon-root MuiSvgIcon-fontSizeMedium css-1umw9bq-MuiSvgIcon-root"
                              data-testid="ArrowDropDownIcon"
                              focusable="false"
                              viewBox="0 0 24 24"
                            >
                              <path
                                d="M7 10l5 5 5-5z"
                              />
                            </svg>
                          </button>
                        </div>
                        <fieldset
                          aria-hidden="true"
                          class="MuiOutlinedInput-notchedOutline css-1ll44ll-MuiOutlinedInput-notchedOutline"
                        >
                          <legend
                            class="css-w1u3ce"
                          >
                            <span>
                              Categories
                            </span>
                          </legend>
                        </fieldset>
                      </div>
                    </div>
                  </div>
                </div>
                <div
                  class="MuiGrid-root MuiGrid-direction-xs-row MuiGrid-grid-xs-12 css-yqiqnf-MuiGrid-root"
                >
                  <div
                    class="MuiFormGroup-root css-1mac7pt-MuiFormGroup-root"
                  >
                    <label
                      class="MuiFormControlLabel-root MuiFormControlLabel-labelPlacementEnd css-19opgx6-MuiFormControlLabel-root"
                    >
                      <span
                        class="MuiSwitch-root MuiSwitch-sizeMedium css-rehya9-MuiSwitch-root"
                      >
                        <span
                          class="MuiButtonBase-root MuiSwitch-switchBase MuiSwitch-colorSecondary Mui-checked PrivateSwitchBase-root MuiSwitch-switchBase MuiSwitch-colorSecondary Mui-checked Mui-checked css-zp7cnf-MuiButtonBase-root-MuiSwitch-switchBase"
                          data-testid="is-active-input"
                        >
                          <input
                            aria-label="controlled"
                            class="PrivateSwitchBase-input MuiSwitch-input css-j8yymo"
                            name="is_active"
                            type="checkbox"
                          />
                          <span
                            class="MuiSwitch-thumb css-17jyosd-MuiSwitch-thumb"
                          />
                        </span>
                        <span
                          class="MuiSwitch-track css-tj8d99-MuiSwitch-track"
                        />
                      </span>
                      <span
                        class="MuiTypography-root MuiTypography-body1 MuiFormControlLabel-label css-rizt0-MuiTypography-root"
                      >
                        Active
                      </span>
                    </label>
                  </div>
                </div>
                <div
                  class="MuiGrid-root MuiGrid-direction-xs-row MuiGrid-grid-xs-12 css-yqiqnf-MuiGrid-root"
                >
                  <div
                    class="MuiBox-root css-10egq61"
                  >
                    <a
                      class="MuiButtonBase-root MuiButton-root MuiButton-contained MuiButton-containedPrimary MuiButton-sizeMedium MuiButton-containedSizeMedium MuiButton-colorPrimary MuiButton-root MuiButton-contained MuiButton-containedPrimary MuiButton-sizeMedium MuiButton-containedSizeMedium MuiButton-colorPrimary css-74d805-MuiButtonBase-root-MuiButton-root"
                      href="/genres"
                      tabindex="0"
                    >
                      Back
                    </a>
                    <button
                      class="MuiButtonBase-root MuiButton-root MuiButton-contained MuiButton-containedSecondary MuiButton-sizeMedium MuiButton-containedSizeMedium MuiButton-colorSecondary MuiButton-root MuiButton-contained MuiButton-containedSecondary MuiButton-sizeMedium MuiButton-containedSizeMedium MuiButton-colorSecondary css-1mns5ui-MuiButtonBase-root-MuiButton-root"
                      tabindex="0"
                      type="submit"
                    >
                      Save
                    </button>
                  </div>
                </div>
              </div>
            </form>
          </div>
        </div>
      </div>
    </div>
  </div>
</DocumentFragment>
`;
