// Jest Snapshot v1, https://goo.gl/fbAQLP

exports[`Test InputFile Component should render correctly initially 1`] = `
<DocumentFragment>
  <div
    class="MuiFormControl-root MuiTextField-root css-1xp5r68-MuiFormControl-root-MuiTextField-root"
  >
    <div
      class="MuiInputBase-root MuiOutlinedInput-root MuiInputBase-colorPrimary MuiInputBase-formControl MuiInputBase-adornedEnd Mui-readOnly MuiInputBase-readOnly css-jupps9-MuiInputBase-root-MuiOutlinedInput-root"
    >
      <input
        aria-invalid="false"
        class="MuiInputBase-input MuiOutlinedInput-input MuiInputBase-inputAdornedEnd Mui-readOnly MuiInputBase-readOnly css-1dune0f-MuiInputBase-input-MuiOutlinedInput-input"
        id="«r0»"
        placeholder="Select a file"
        readonly=""
        type="text"
        value=""
      />
      <button
        class="MuiButtonBase-root MuiIconButton-root MuiIconButton-sizeMedium css-53g0n7-MuiButtonBase-root-MuiIconButton-root"
        tabindex="0"
        type="button"
      >
        <svg
          aria-hidden="true"
          class="MuiSvgIcon-root MuiSvgIcon-fontSizeMedium css-1umw9bq-MuiSvgIcon-root"
          data-testid="FileCopyIcon"
          focusable="false"
          viewBox="0 0 24 24"
        >
          <path
            d="M16 1H4c-1.1 0-2 .9-2 2v14h2V3h12zm-1 4 6 6v10c0 1.1-.9 2-2 2H7.99C6.89 23 6 22.1 6 21l.01-14c0-1.1.89-2 1.99-2zm-1 7h5.5L14 6.5z"
          />
        </svg>
      </button>
      <fieldset
        aria-hidden="true"
        class="MuiOutlinedInput-notchedOutline css-1ll44ll-MuiOutlinedInput-notchedOutline"
      >
        <legend
          class="css-w4cd9x"
        >
          <span
            aria-hidden="true"
            class="notranslate"
          >
            ​
          </span>
        </legend>
      </fieldset>
    </div>
  </div>
  <input
    accept="*"
    data-testid="input-file"
    id="inputFile"
    name="inputFile"
    style="display: none;"
    type="file"
  />
</DocumentFragment>
`;
