// Jest Snapshot v1, https://goo.gl/fbAQLP

exports[`Test LinearProgressWithLabel Component should render correctly with default value (0%) 1`] = `
<DocumentFragment>
  <div
    class="MuiBox-root css-70qvj9"
  >
    <div
      class="MuiBox-root css-1bhivts"
    >
      <span
        aria-valuemax="100"
        aria-valuemin="0"
        aria-valuenow="0"
        class="MuiLinearProgress-root MuiLinearProgress-colorPrimary MuiLinearProgress-determinate css-1txyin7-MuiLinearProgress-root"
        role="progressbar"
      >
        <span
          class="MuiLinearProgress-bar MuiLinearProgress-bar1 MuiLinearProgress-barColorPrimary MuiLinearProgress-bar1Determinate css-l16vtb-MuiLinearProgress-bar1"
          style="transform: translateX(-100%);"
        />
      </span>
    </div>
    <div
      class="MuiBox-root css-pazuet"
    >
      <p
        class="MuiTypography-root MuiTypography-body2 css-1wle3ir-MuiTypography-root"
      >
        0%
      </p>
    </div>
  </div>
</DocumentFragment>
`;
