// Jest Snapshot v1, https://goo.gl/fbAQLP

exports[`Test RatingList Component should render all rating options correctly by default and match snapshot 1`] = `
<DocumentFragment>
  <label
    class="MuiFormControlLabel-root MuiFormControlLabel-labelPlacementTop css-1nhsx05-MuiFormControlLabel-root"
  >
    <span
      class="MuiButtonBase-root MuiRadio-root MuiRadio-colorPrimary PrivateSwitchBase-root MuiRadio-root MuiRadio-colorPrimary MuiRadio-root MuiRadio-colorPrimary css-13lvt8g-MuiButtonBase-root-MuiRadio-root"
    >
      <input
        class="PrivateSwitchBase-input css-j8yymo"
        type="radio"
        value="L"
      />
      <span
        class="css-1qiat4j"
      >
        <svg
          aria-hidden="true"
          class="MuiSvgIcon-root MuiSvgIcon-fontSizeMedium css-1bz1rr0-MuiSvgIcon-root"
          data-testid="RadioButtonUncheckedIcon"
          focusable="false"
          viewBox="0 0 24 24"
        >
          <path
            d="M12 2C6.48 2 2 6.48 2 12s4.48 10 10 10 10-4.48 10-10S17.52 2 12 2zm0 18c-4.42 0-8-3.58-8-8s3.58-8 8-8 8 3.58 8 8-3.58 8-8 8z"
          />
        </svg>
        <svg
          aria-hidden="true"
          class="MuiSvgIcon-root MuiSvgIcon-fontSizeMedium css-o8rdeq-MuiSvgIcon-root"
          data-testid="RadioButtonCheckedIcon"
          focusable="false"
          viewBox="0 0 24 24"
        >
          <path
            d="M8.465 8.465C9.37 7.56 10.62 7 12 7C14.76 7 17 9.24 17 12C17 13.38 16.44 14.63 15.535 15.535C14.63 16.44 13.38 17 12 17C9.24 17 7 14.76 7 12C7 10.62 7.56 9.37 8.465 8.465Z"
          />
        </svg>
      </span>
    </span>
    <span
      class="MuiTypography-root MuiTypography-body1 MuiFormControlLabel-label css-rizt0-MuiTypography-root"
    >
      <div
        class="MuiBox-root css-pz392n"
      >
        <p
          class="MuiTypography-root MuiTypography-body1 css-rizt0-MuiTypography-root"
        >
          L
        </p>
      </div>
    </span>
  </label>
  <label
    class="MuiFormControlLabel-root MuiFormControlLabel-labelPlacementTop css-1hgunqz-MuiFormControlLabel-root"
  >
    <span
      class="MuiButtonBase-root MuiRadio-root MuiRadio-colorPrimary PrivateSwitchBase-root MuiRadio-root MuiRadio-colorPrimary MuiRadio-root MuiRadio-colorPrimary css-13lvt8g-MuiButtonBase-root-MuiRadio-root"
    >
      <input
        class="PrivateSwitchBase-input css-j8yymo"
        type="radio"
        value="10"
      />
      <span
        class="css-1qiat4j"
      >
        <svg
          aria-hidden="true"
          class="MuiSvgIcon-root MuiSvgIcon-fontSizeMedium css-1bz1rr0-MuiSvgIcon-root"
          data-testid="RadioButtonUncheckedIcon"
          focusable="false"
          viewBox="0 0 24 24"
        >
          <path
            d="M12 2C6.48 2 2 6.48 2 12s4.48 10 10 10 10-4.48 10-10S17.52 2 12 2zm0 18c-4.42 0-8-3.58-8-8s3.58-8 8-8 8 3.58 8 8-3.58 8-8 8z"
          />
        </svg>
        <svg
          aria-hidden="true"
          class="MuiSvgIcon-root MuiSvgIcon-fontSizeMedium css-o8rdeq-MuiSvgIcon-root"
          data-testid="RadioButtonCheckedIcon"
          focusable="false"
          viewBox="0 0 24 24"
        >
          <path
            d="M8.465 8.465C9.37 7.56 10.62 7 12 7C14.76 7 17 9.24 17 12C17 13.38 16.44 14.63 15.535 15.535C14.63 16.44 13.38 17 12 17C9.24 17 7 14.76 7 12C7 10.62 7.56 9.37 8.465 8.465Z"
          />
        </svg>
      </span>
    </span>
    <span
      class="MuiTypography-root MuiTypography-body1 MuiFormControlLabel-label css-rizt0-MuiTypography-root"
    >
      <div
        class="MuiBox-root css-17d16e3"
      >
        <p
          class="MuiTypography-root MuiTypography-body1 css-rizt0-MuiTypography-root"
        >
          10
        </p>
      </div>
    </span>
  </label>
  <label
    class="MuiFormControlLabel-root MuiFormControlLabel-labelPlacementTop css-1hgunqz-MuiFormControlLabel-root"
  >
    <span
      class="MuiButtonBase-root MuiRadio-root MuiRadio-colorPrimary PrivateSwitchBase-root MuiRadio-root MuiRadio-colorPrimary MuiRadio-root MuiRadio-colorPrimary css-13lvt8g-MuiButtonBase-root-MuiRadio-root"
    >
      <input
        class="PrivateSwitchBase-input css-j8yymo"
        type="radio"
        value="12"
      />
      <span
        class="css-1qiat4j"
      >
        <svg
          aria-hidden="true"
          class="MuiSvgIcon-root MuiSvgIcon-fontSizeMedium css-1bz1rr0-MuiSvgIcon-root"
          data-testid="RadioButtonUncheckedIcon"
          focusable="false"
          viewBox="0 0 24 24"
        >
          <path
            d="M12 2C6.48 2 2 6.48 2 12s4.48 10 10 10 10-4.48 10-10S17.52 2 12 2zm0 18c-4.42 0-8-3.58-8-8s3.58-8 8-8 8 3.58 8 8-3.58 8-8 8z"
          />
        </svg>
        <svg
          aria-hidden="true"
          class="MuiSvgIcon-root MuiSvgIcon-fontSizeMedium css-o8rdeq-MuiSvgIcon-root"
          data-testid="RadioButtonCheckedIcon"
          focusable="false"
          viewBox="0 0 24 24"
        >
          <path
            d="M8.465 8.465C9.37 7.56 10.62 7 12 7C14.76 7 17 9.24 17 12C17 13.38 16.44 14.63 15.535 15.535C14.63 16.44 13.38 17 12 17C9.24 17 7 14.76 7 12C7 10.62 7.56 9.37 8.465 8.465Z"
          />
        </svg>
      </span>
    </span>
    <span
      class="MuiTypography-root MuiTypography-body1 MuiFormControlLabel-label css-rizt0-MuiTypography-root"
    >
      <div
        class="MuiBox-root css-vyctuh"
      >
        <p
          class="MuiTypography-root MuiTypography-body1 css-rizt0-MuiTypography-root"
        >
          12
        </p>
      </div>
    </span>
  </label>
  <label
    class="MuiFormControlLabel-root MuiFormControlLabel-labelPlacementTop css-1hgunqz-MuiFormControlLabel-root"
  >
    <span
      class="MuiButtonBase-root MuiRadio-root MuiRadio-colorPrimary PrivateSwitchBase-root MuiRadio-root MuiRadio-colorPrimary MuiRadio-root MuiRadio-colorPrimary css-13lvt8g-MuiButtonBase-root-MuiRadio-root"
    >
      <input
        class="PrivateSwitchBase-input css-j8yymo"
        type="radio"
        value="14"
      />
      <span
        class="css-1qiat4j"
      >
        <svg
          aria-hidden="true"
          class="MuiSvgIcon-root MuiSvgIcon-fontSizeMedium css-1bz1rr0-MuiSvgIcon-root"
          data-testid="RadioButtonUncheckedIcon"
          focusable="false"
          viewBox="0 0 24 24"
        >
          <path
            d="M12 2C6.48 2 2 6.48 2 12s4.48 10 10 10 10-4.48 10-10S17.52 2 12 2zm0 18c-4.42 0-8-3.58-8-8s3.58-8 8-8 8 3.58 8 8-3.58 8-8 8z"
          />
        </svg>
        <svg
          aria-hidden="true"
          class="MuiSvgIcon-root MuiSvgIcon-fontSizeMedium css-o8rdeq-MuiSvgIcon-root"
          data-testid="RadioButtonCheckedIcon"
          focusable="false"
          viewBox="0 0 24 24"
        >
          <path
            d="M8.465 8.465C9.37 7.56 10.62 7 12 7C14.76 7 17 9.24 17 12C17 13.38 16.44 14.63 15.535 15.535C14.63 16.44 13.38 17 12 17C9.24 17 7 14.76 7 12C7 10.62 7.56 9.37 8.465 8.465Z"
          />
        </svg>
      </span>
    </span>
    <span
      class="MuiTypography-root MuiTypography-body1 MuiFormControlLabel-label css-rizt0-MuiTypography-root"
    >
      <div
        class="MuiBox-root css-1m4fxp9"
      >
        <p
          class="MuiTypography-root MuiTypography-body1 css-rizt0-MuiTypography-root"
        >
          14
        </p>
      </div>
    </span>
  </label>
  <label
    class="MuiFormControlLabel-root MuiFormControlLabel-labelPlacementTop css-1hgunqz-MuiFormControlLabel-root"
  >
    <span
      class="MuiButtonBase-root MuiRadio-root MuiRadio-colorPrimary PrivateSwitchBase-root MuiRadio-root MuiRadio-colorPrimary MuiRadio-root MuiRadio-colorPrimary css-13lvt8g-MuiButtonBase-root-MuiRadio-root"
    >
      <input
        class="PrivateSwitchBase-input css-j8yymo"
        type="radio"
        value="16"
      />
      <span
        class="css-1qiat4j"
      >
        <svg
          aria-hidden="true"
          class="MuiSvgIcon-root MuiSvgIcon-fontSizeMedium css-1bz1rr0-MuiSvgIcon-root"
          data-testid="RadioButtonUncheckedIcon"
          focusable="false"
          viewBox="0 0 24 24"
        >
          <path
            d="M12 2C6.48 2 2 6.48 2 12s4.48 10 10 10 10-4.48 10-10S17.52 2 12 2zm0 18c-4.42 0-8-3.58-8-8s3.58-8 8-8 8 3.58 8 8-3.58 8-8 8z"
          />
        </svg>
        <svg
          aria-hidden="true"
          class="MuiSvgIcon-root MuiSvgIcon-fontSizeMedium css-o8rdeq-MuiSvgIcon-root"
          data-testid="RadioButtonCheckedIcon"
          focusable="false"
          viewBox="0 0 24 24"
        >
          <path
            d="M8.465 8.465C9.37 7.56 10.62 7 12 7C14.76 7 17 9.24 17 12C17 13.38 16.44 14.63 15.535 15.535C14.63 16.44 13.38 17 12 17C9.24 17 7 14.76 7 12C7 10.62 7.56 9.37 8.465 8.465Z"
          />
        </svg>
      </span>
    </span>
    <span
      class="MuiTypography-root MuiTypography-body1 MuiFormControlLabel-label css-rizt0-MuiTypography-root"
    >
      <div
        class="MuiBox-root css-1aa8pkh"
      >
        <p
          class="MuiTypography-root MuiTypography-body1 css-rizt0-MuiTypography-root"
        >
          16
        </p>
      </div>
    </span>
  </label>
  <label
    class="MuiFormControlLabel-root MuiFormControlLabel-labelPlacementTop css-or594t-MuiFormControlLabel-root"
  >
    <span
      class="MuiButtonBase-root MuiRadio-root MuiRadio-colorPrimary PrivateSwitchBase-root MuiRadio-root MuiRadio-colorPrimary MuiRadio-root MuiRadio-colorPrimary css-13lvt8g-MuiButtonBase-root-MuiRadio-root"
    >
      <input
        class="PrivateSwitchBase-input css-j8yymo"
        type="radio"
        value="18"
      />
      <span
        class="css-1qiat4j"
      >
        <svg
          aria-hidden="true"
          class="MuiSvgIcon-root MuiSvgIcon-fontSizeMedium css-1bz1rr0-MuiSvgIcon-root"
          data-testid="RadioButtonUncheckedIcon"
          focusable="false"
          viewBox="0 0 24 24"
        >
          <path
            d="M12 2C6.48 2 2 6.48 2 12s4.48 10 10 10 10-4.48 10-10S17.52 2 12 2zm0 18c-4.42 0-8-3.58-8-8s3.58-8 8-8 8 3.58 8 8-3.58 8-8 8z"
          />
        </svg>
        <svg
          aria-hidden="true"
          class="MuiSvgIcon-root MuiSvgIcon-fontSizeMedium css-o8rdeq-MuiSvgIcon-root"
          data-testid="RadioButtonCheckedIcon"
          focusable="false"
          viewBox="0 0 24 24"
        >
          <path
            d="M8.465 8.465C9.37 7.56 10.62 7 12 7C14.76 7 17 9.24 17 12C17 13.38 16.44 14.63 15.535 15.535C14.63 16.44 13.38 17 12 17C9.24 17 7 14.76 7 12C7 10.62 7.56 9.37 8.465 8.465Z"
          />
        </svg>
      </span>
    </span>
    <span
      class="MuiTypography-root MuiTypography-body1 MuiFormControlLabel-label css-rizt0-MuiTypography-root"
    >
      <div
        class="MuiBox-root css-12xjk60"
      >
        <p
          class="MuiTypography-root MuiTypography-body1 css-rizt0-MuiTypography-root"
        >
          18
        </p>
      </div>
    </span>
  </label>
</DocumentFragment>
`;
