// Jest Snapshot v1, https://goo.gl/fbAQLP

exports[`Test ResponsiveDrawer Component should render common drawer content (title and links) and match snapshot when open 1`] = `
<DocumentFragment>
  <nav
    class="MuiBox-root css-1o5pq7n"
  >
    <div
      class="MuiDrawer-root MuiDrawer-anchorLeft MuiDrawer-docked css-1bn13uf-MuiDrawer-docked"
    >
      <div
        class="MuiPaper-root MuiPaper-elevation MuiPaper-elevation0 MuiDrawer-paper MuiDrawer-paperAnchorLeft MuiDrawer-paperAnchorDockedLeft css-1lwhjos-MuiPaper-root-MuiDrawer-paper"
        style="--Paper-shadow: none;"
      >
        <div>
          <div
            class="MuiToolbar-root MuiToolbar-gutters MuiToolbar-regular css-1ygil4i-MuiToolbar-root"
          >
            <div
              class="MuiTypography-root MuiTypography-h6 MuiTypography-noWrap css-5lnhk4-MuiTypography-root"
            >
              Codeflix
            </div>
          </div>
          <hr
            class="MuiDivider-root MuiDivider-fullWidth css-1jpc804-MuiDivider-root"
          />
          <ul
            class="MuiList-root MuiList-padding css-b7dj7n-MuiList-root"
          >
            <a
              href="/categories"
              style="text-decoration: none;"
            >
              <li
                class="MuiListItem-root MuiListItem-gutters css-19f6boz-MuiListItem-root"
              >
                <div
                  class="MuiButtonBase-root MuiListItemButton-root MuiListItemButton-gutters MuiListItemButton-root MuiListItemButton-gutters css-4bx69l-MuiButtonBase-root-MuiListItemButton-root"
                  role="button"
                  tabindex="0"
                >
                  <div
                    class="MuiListItemText-root css-cfq8qh-MuiListItemText-root"
                  >
                    <span
                      class="MuiTypography-root MuiTypography-body1 MuiListItemText-primary css-rizt0-MuiTypography-root"
                    >
                      Categories
                    </span>
                  </div>
                </div>
              </li>
            </a>
            <a
              href="/cast-members"
              style="text-decoration: none;"
            >
              <li
                class="MuiListItem-root MuiListItem-gutters css-19f6boz-MuiListItem-root"
              >
                <div
                  class="MuiButtonBase-root MuiListItemButton-root MuiListItemButton-gutters MuiListItemButton-root MuiListItemButton-gutters css-4bx69l-MuiButtonBase-root-MuiListItemButton-root"
                  role="button"
                  tabindex="0"
                >
                  <div
                    class="MuiListItemText-root css-cfq8qh-MuiListItemText-root"
                  >
                    <span
                      class="MuiTypography-root MuiTypography-body1 MuiListItemText-primary css-rizt0-MuiTypography-root"
                    >
                      Cast Members
                    </span>
                  </div>
                </div>
              </li>
            </a>
            <a
              href="/genres"
              style="text-decoration: none;"
            >
              <li
                class="MuiListItem-root MuiListItem-gutters css-19f6boz-MuiListItem-root"
              >
                <div
                  class="MuiButtonBase-root MuiListItemButton-root MuiListItemButton-gutters MuiListItemButton-root MuiListItemButton-gutters css-4bx69l-MuiButtonBase-root-MuiListItemButton-root"
                  role="button"
                  tabindex="0"
                >
                  <div
                    class="MuiListItemText-root css-cfq8qh-MuiListItemText-root"
                  >
                    <span
                      class="MuiTypography-root MuiTypography-body1 MuiListItemText-primary css-rizt0-MuiTypography-root"
                    >
                      Genres
                    </span>
                  </div>
                </div>
              </li>
            </a>
            <a
              href="/videos"
              style="text-decoration: none;"
            >
              <li
                class="MuiListItem-root MuiListItem-gutters css-19f6boz-MuiListItem-root"
              >
                <div
                  class="MuiButtonBase-root MuiListItemButton-root MuiListItemButton-gutters MuiListItemButton-root MuiListItemButton-gutters css-4bx69l-MuiButtonBase-root-MuiListItemButton-root"
                  role="button"
                  tabindex="0"
                >
                  <div
                    class="MuiListItemText-root css-cfq8qh-MuiListItemText-root"
                  >
                    <span
                      class="MuiTypography-root MuiTypography-body1 MuiListItemText-primary css-rizt0-MuiTypography-root"
                    >
                      Videos
                    </span>
                  </div>
                </div>
              </li>
            </a>
          </ul>
        </div>
      </div>
    </div>
  </nav>
</DocumentFragment>
`;
