// Jest Snapshot v1, https://goo.gl/fbAQLP

exports[`Test CreateCategory page should render correctly 1`] = `
<DocumentFragment>
  <div
    class="MuiBox-root css-0"
  >
    <div
      class="MuiPaper-root MuiPaper-elevation MuiPaper-rounded MuiPaper-elevation1 css-mkslur-MuiPaper-root"
      style="--Paper-shadow: 0px 2px 1px -1px rgba(0,0,0,0.2),0px 1px 1px 0px rgba(0,0,0,0.14),0px 1px 3px 0px rgba(0,0,0,0.12); --Paper-overlay: linear-gradient(rgba(255, 255, 255, 0.051), rgba(255, 255, 255, 0.051));"
    >
      <div
        class="MuiBox-root css-19midj6"
      >
        <div
          class="MuiBox-root css-1qm1lh"
        >
          <h4
            class="MuiTypography-root MuiTypography-h4 css-f84ov1-MuiTypography-root"
          >
            Create Category
          </h4>
        </div>
      </div>
      <div
        class="MuiBox-root css-0"
      >
        <div
          class="MuiBox-root css-19midj6"
        >
          <form>
            <div
              class="MuiGrid-root MuiGrid-container MuiGrid-direction-xs-row MuiGrid-spacing-xs-3 css-1u8xl8z-MuiGrid-root"
            >
              <div
                class="MuiGrid-root MuiGrid-direction-xs-row MuiGrid-grid-xs-12 css-yqiqnf-MuiGrid-root"
              >
                <div
                  class="MuiFormControl-root MuiFormControl-fullWidth css-ytlejw-MuiFormControl-root"
                >
                  <div
                    class="MuiFormControl-root MuiTextField-root css-1xp5r68-MuiFormControl-root-MuiTextField-root"
                  >
                    <label
                      class="MuiFormLabel-root MuiInputLabel-root MuiInputLabel-formControl MuiInputLabel-animated MuiInputLabel-outlined MuiFormLabel-colorPrimary Mui-required MuiInputLabel-root MuiInputLabel-formControl MuiInputLabel-animated MuiInputLabel-outlined css-1jezcgs-MuiFormLabel-root-MuiInputLabel-root"
                      data-shrink="false"
                      for="«r0»"
                      id="«r0»-label"
                    >
                      Name
                      <span
                        aria-hidden="true"
                        class="MuiFormLabel-asterisk MuiInputLabel-asterisk css-mzcsug-MuiFormLabel-asterisk"
                      >
                         *
                      </span>
                    </label>
                    <div
                      class="MuiInputBase-root MuiOutlinedInput-root MuiInputBase-colorPrimary MuiInputBase-formControl css-11sqt1k-MuiInputBase-root-MuiOutlinedInput-root"
                    >
                      <input
                        aria-invalid="false"
                        class="MuiInputBase-input MuiOutlinedInput-input css-j3jqhj-MuiInputBase-input-MuiOutlinedInput-input"
                        data-testid="name-input"
                        id="«r0»"
                        name="name"
                        required=""
                        type="text"
                        value=""
                      />
                      <fieldset
                        aria-hidden="true"
                        class="MuiOutlinedInput-notchedOutline css-12rqw02-MuiOutlinedInput-notchedOutline"
                      >
                        <legend
                          class="css-81qg8w"
                        >
                          <span>
                            Name *
                          </span>
                        </legend>
                      </fieldset>
                    </div>
                  </div>
                </div>
              </div>
              <div
                class="MuiGrid-root MuiGrid-direction-xs-row MuiGrid-grid-xs-12 css-yqiqnf-MuiGrid-root"
              >
                <div
                  class="MuiFormControl-root MuiFormControl-fullWidth css-ytlejw-MuiFormControl-root"
                >
                  <div
                    class="MuiFormControl-root MuiTextField-root css-1xp5r68-MuiFormControl-root-MuiTextField-root"
                  >
                    <label
                      class="MuiFormLabel-root MuiInputLabel-root MuiInputLabel-formControl MuiInputLabel-animated MuiInputLabel-outlined MuiFormLabel-colorPrimary Mui-required MuiInputLabel-root MuiInputLabel-formControl MuiInputLabel-animated MuiInputLabel-outlined css-1jezcgs-MuiFormLabel-root-MuiInputLabel-root"
                      data-shrink="false"
                      for="«r1»"
                      id="«r1»-label"
                    >
                      Description
                      <span
                        aria-hidden="true"
                        class="MuiFormLabel-asterisk MuiInputLabel-asterisk css-mzcsug-MuiFormLabel-asterisk"
                      >
                         *
                      </span>
                    </label>
                    <div
                      class="MuiInputBase-root MuiOutlinedInput-root MuiInputBase-colorPrimary MuiInputBase-formControl css-11sqt1k-MuiInputBase-root-MuiOutlinedInput-root"
                    >
                      <input
                        aria-invalid="false"
                        class="MuiInputBase-input MuiOutlinedInput-input css-j3jqhj-MuiInputBase-input-MuiOutlinedInput-input"
                        data-testid="description-input"
                        id="«r1»"
                        name="description"
                        required=""
                        type="text"
                        value=""
                      />
                      <fieldset
                        aria-hidden="true"
                        class="MuiOutlinedInput-notchedOutline css-12rqw02-MuiOutlinedInput-notchedOutline"
                      >
                        <legend
                          class="css-81qg8w"
                        >
                          <span>
                            Description *
                          </span>
                        </legend>
                      </fieldset>
                    </div>
                  </div>
                </div>
              </div>
              <div
                class="MuiGrid-root MuiGrid-direction-xs-row MuiGrid-grid-xs-12 css-yqiqnf-MuiGrid-root"
              >
                <div
                  class="MuiFormGroup-root css-1mac7pt-MuiFormGroup-root"
                >
                  <label
                    class="MuiFormControlLabel-root MuiFormControlLabel-labelPlacementEnd css-195ii7s-MuiFormControlLabel-root"
                  >
                    <span
                      class="MuiSwitch-root MuiSwitch-sizeMedium css-rehya9-MuiSwitch-root"
                    >
                      <span
                        class="MuiButtonBase-root MuiSwitch-switchBase MuiSwitch-colorSecondary PrivateSwitchBase-root MuiSwitch-switchBase MuiSwitch-colorSecondary css-w758z9-MuiButtonBase-root-MuiSwitch-switchBase"
                        data-testid="is-active-input"
                      >
                        <input
                          aria-label="controlled"
                          class="PrivateSwitchBase-input MuiSwitch-input css-j8yymo"
                          name="is_active"
                          type="checkbox"
                        />
                        <span
                          class="MuiSwitch-thumb css-17jyosd-MuiSwitch-thumb"
                        />
                      </span>
                      <span
                        class="MuiSwitch-track css-xz0t6b-MuiSwitch-track"
                      />
                    </span>
                    <span
                      class="MuiTypography-root MuiTypography-body1 MuiFormControlLabel-label css-rizt0-MuiTypography-root"
                    >
                      Active
                    </span>
                  </label>
                </div>
              </div>
              <div
                class="MuiGrid-root MuiGrid-direction-xs-row MuiGrid-grid-xs-12 css-yqiqnf-MuiGrid-root"
              >
                <div
                  class="MuiBox-root css-10egq61"
                >
                  <a
                    class="MuiButtonBase-root MuiButton-root MuiButton-contained MuiButton-containedPrimary MuiButton-sizeMedium MuiButton-containedSizeMedium MuiButton-colorPrimary MuiButton-root MuiButton-contained MuiButton-containedPrimary MuiButton-sizeMedium MuiButton-containedSizeMedium MuiButton-colorPrimary css-bpairl-MuiButtonBase-root-MuiButton-root"
                    href="/categories"
                    tabindex="0"
                  >
                    Back
                  </a>
                  <button
                    class="MuiButtonBase-root MuiButton-root MuiButton-contained MuiButton-containedSecondary MuiButton-sizeMedium MuiButton-containedSizeMedium MuiButton-colorSecondary MuiButton-root MuiButton-contained MuiButton-containedSecondary MuiButton-sizeMedium MuiButton-containedSizeMedium MuiButton-colorSecondary css-1mffwr6-MuiButtonBase-root-MuiButton-root"
                    tabindex="0"
                    type="submit"
                  >
                    Save
                  </button>
                </div>
              </div>
            </div>
          </form>
        </div>
      </div>
    </div>
  </div>
</DocumentFragment>
`;
